// Jest Snapshot v1, https://goo.gl/fbAQLP

exports[`<WorkoutMenu /> should render correctly 1`] = `
<DocumentFragment>
  .c1 {
  font-size: 28px;
  -webkit-align-self: center;
  -ms-flex-item-align: center;
  align-self: center;
  margin: -10px 20px 5px auto;
  color: hsl(200,100%,50%);
  cursor: pointer;
}

.c0 {
  display: -webkit-box;
  display: -webkit-flex;
  display: -ms-flexbox;
  display: flex;
  -webkit-flex-direction: column;
  -ms-flex-direction: column;
  flex-direction: column;
  position: absolute;
  right: 0;
  z-index: 1;
  background: #fff;
}

<div
    class="c0"
  >
    <svg
      class="c1"
      fill="currentColor"
      height="1em"
      stroke="currentColor"
      stroke-width="0"
      viewBox="0 0 24 24"
      width="1em"
      xmlns="http://www.w3.org/2000/svg"
    >
      <path
        d="M6 10c-1.1 0-2 .9-2 2s.9 2 2 2 2-.9 2-2-.9-2-2-2zm12 0c-1.1 0-2 .9-2 2s.9 2 2 2 2-.9 2-2-.9-2-2-2zm-6 0c-1.1 0-2 .9-2 2s.9 2 2 2 2-.9 2-2-.9-2-2-2z"
      />
    </svg>
  </div>
</DocumentFragment>
`;
